Picked up JAVA_TOOL_OPTIONS: -Dnetworkaddress.cache.ttl=0

  .   ____          _            __ _ _
 /\\ / ___'_ __ _ _(_)_ __  __ _ \ \ \ \
( ( )\___ | '_ | '_| | '_ \/ _` | \ \ \ \
 \\/  ___)| |_)| | | | | || (_| |  ) ) ) )
  '  |____| .__|_| |_|_| |_\__, | / / / /
 =========|_|==============|___/=/_/_/_/

 :: Spring Boot ::               (v3.5.16)

2026-09-23T10:16:01.733Z  INFO 1 --- [load-generator] [           main] c.b.m.l.LoadGeneratorApplication         : Starting LoadGeneratorApplication v0.1.0-SNAPSHOT using Java 21.0.12 with PID 1 (/app/app.jar started by root in /app)
2026-09-23T10:16:01.736Z  INFO 1 --- [load-generator] [           main] c.b.m.l.LoadGeneratorApplication         : No active profile set, falling back to 1 default profile: "default"
2026-09-23T10:16:02.629Z  INFO 1 --- [load-generator] [           main] c.b.m.l.LoadGeneratorApplication         : Started LoadGeneratorApplication in 1.471 seconds (process running for 2.113)
2026-09-23T10:16:02.632Z  INFO 1 --- [load-generator] [           main] c.b.m.loadgenerator.service.LoadRunner   : Starting load: 100000 messages per minute (1666 per second) for 60 seconds into room 00000000-0000-0000-0000-000000000003
2026-09-23T10:16:04.513Z  INFO 1 --- [load-generator] [           main] c.b.m.loadgenerator.service.LoadRunner   : second 1: target 1666, accepted 1168, failed 0, in flight 498
2026-09-23T10:16:06.196Z  INFO 1 --- [load-generator] [           main] c.b.m.loadgenerator.service.LoadRunner   : second 2: target 1666, accepted 1665, failed 0, in flight 496
2026-09-23T10:16:07.836Z  INFO 1 --- [load-generator] [           main] c.b.m.loadgenerator.service.LoadRunner   : second 3: target 1666, accepted 1660, failed 0, in flight 499
2026-09-23T10:16:08.984Z  INFO 1 --- [load-generator] [           main] c.b.m.loadgenerator.service.LoadRunner   : second 4: target 1666, accepted 1664, failed 0, in flight 500
2026-09-23T10:16:10.062Z  INFO 1 --- [load-generator] [           main] c.b.m.loadgenerator.service.LoadRunner   : second 5: target 1666, accepted 1656, failed 0, in flight 500
2026-09-23T10:16:11.097Z  INFO 1 --- [load-generator] [           main] c.b.m.loadgenerator.service.LoadRunner   : second 6: target 1666, accepted 1694, failed 0, in flight 469
2026-09-23T10:16:12.322Z  INFO 1 --- [load-generator] [           main] c.b.m.loadgenerator.service.LoadRunner   : second 7: target 1666, accepted 1635, failed 0, in flight 500
2026-09-23T10:16:13.411Z  INFO 1 --- [load-generator] [           main] c.b.m.loadgenerator.service.LoadRunner   : second 8: target 1666, accepted 1666, failed 0, in flight 500
2026-09-23T10:16:14.890Z  INFO 1 --- [load-generator] [           main] c.b.m.loadgenerator.service.LoadRunner   : second 9: target 1666, accepted 1665, failed 0, in flight 500
2026-09-23T10:16:16.006Z  INFO 1 --- [load-generator] [           main] c.b.m.loadgenerator.service.LoadRunner   : second 10: target 1666, accepted 1810, failed 0, in flight 355
2026-09-23T10:16:17.007Z  INFO 1 --- [load-generator] [           main] c.b.m.loadgenerator.service.LoadRunner   : second 11: target 1666, accepted 1527, failed 0, in flight 487
2026-09-23T10:16:18.008Z  INFO 1 --- [load-generator] [           main] c.b.m.loadgenerator.service.LoadRunner   : second 12: target 1666, accepted 1730, failed 0, in flight 423
2026-09-23T10:16:19.009Z  INFO 1 --- [load-generator] [           main] c.b.m.loadgenerator.service.LoadRunner   : second 13: target 1666, accepted 2084, failed 0, in flight 4
2026-09-23T10:16:20.009Z  INFO 1 --- [load-generator] [           main] c.b.m.loadgenerator.service.LoadRunner   : second 14: target 1666, accepted 1669, failed 0, in flight 0
2026-09-23T10:16:21.010Z  INFO 1 --- [load-generator] [           main] c.b.m.loadgenerator.service.LoadRunner   : second 15: target 1666, accepted 1652, failed 0, in flight 14
2026-09-23T10:16:22.010Z  INFO 1 --- [load-generator] [           main] c.b.m.loadgenerator.service.LoadRunner   : second 16: target 1666, accepted 1676, failed 0, in flight 0
2026-09-23T10:16:23.011Z  INFO 1 --- [load-generator] [           main] c.b.m.loadgenerator.service.LoadRunner   : second 17: target 1666, accepted 1666, failed 0, in flight 0
2026-09-23T10:16:24.011Z  INFO 1 --- [load-generator] [           main] c.b.m.loadgenerator.service.LoadRunner   : second 18: target 1666, accepted 1666, failed 0, in flight 0
2026-09-23T10:16:25.012Z  INFO 1 --- [load-generator] [           main] c.b.m.loadgenerator.service.LoadRunner   : second 19: target 1666, accepted 1666, failed 0, in flight 0
2026-09-23T10:16:26.012Z  INFO 1 --- [load-generator] [           main] c.b.m.loadgenerator.service.LoadRunner   : second 20: target 1666, accepted 1666, failed 0, in flight 0
2026-09-23T10:16:27.012Z  INFO 1 --- [load-generator] [           main] c.b.m.loadgenerator.service.LoadRunner   : second 21: target 1666, accepted 1666, failed 0, in flight 0
2026-09-23T10:16:28.014Z  INFO 1 --- [load-generator] [           main] c.b.m.loadgenerator.service.LoadRunner   : second 22: target 1666, accepted 1621, failed 0, in flight 45
2026-09-23T10:16:29.014Z  INFO 1 --- [load-generator] [           main] c.b.m.loadgenerator.service.LoadRunner   : second 23: target 1666, accepted 1707, failed 0, in flight 4
2026-09-23T10:16:30.018Z  INFO 1 --- [load-generator] [           main] c.b.m.loadgenerator.service.LoadRunner   : second 24: target 1666, accepted 1465, failed 0, in flight 201
2026-09-23T10:16:31.020Z  INFO 1 --- [load-generator] [           main] c.b.m.loadgenerator.service.LoadRunner   : second 25: target 1666, accepted 1863, failed 0, in flight 0
2026-09-23T10:16:32.020Z  INFO 1 --- [load-generator] [           main] c.b.m.loadgenerator.service.LoadRunner   : second 26: target 1666, accepted 1666, failed 0, in flight 0
2026-09-23T10:16:33.021Z  INFO 1 --- [load-generator] [           main] c.b.m.loadgenerator.service.LoadRunner   : second 27: target 1666, accepted 1666, failed 0, in flight 0
2026-09-23T10:16:36.814Z  INFO 1 --- [load-generator] [           main] c.b.m.loadgenerator.service.LoadRunner   : second 28: target 1666, accepted 1163, failed 9, in flight 494
2026-09-23T10:16:38.759Z  INFO 1 --- [load-generator] [           main] c.b.m.loadgenerator.service.LoadRunner   : second 29: target 1666, accepted 1644, failed 0, in flight 500
2026-09-23T10:16:40.373Z  INFO 1 --- [load-generator] [           main] c.b.m.loadgenerator.service.LoadRunner   : second 30: target 1666, accepted 1666, failed 0, in flight 500
2026-09-23T10:16:42.119Z  INFO 1 --- [load-generator] [           main] c.b.m.loadgenerator.service.LoadRunner   : second 31: target 1666, accepted 1666, failed 0, in flight 500
2026-09-23T10:16:43.912Z  INFO 1 --- [load-generator] [           main] c.b.m.loadgenerator.service.LoadRunner   : second 32: target 1666, accepted 1688, failed 0, in flight 477
2026-09-23T10:16:45.346Z  INFO 1 --- [load-generator] [           main] c.b.m.loadgenerator.service.LoadRunner   : second 33: target 1666, accepted 1635, failed 0, in flight 500
2026-09-23T10:16:46.508Z  INFO 1 --- [load-generator] [           main] c.b.m.loadgenerator.service.LoadRunner   : second 34: target 1666, accepted 1668, failed 0, in flight 498
2026-09-23T10:16:47.698Z  INFO 1 --- [load-generator] [           main] c.b.m.loadgenerator.service.LoadRunner   : second 35: target 1666, accepted 1663, failed 0, in flight 500
2026-09-23T10:16:49.013Z  INFO 1 --- [load-generator] [           main] c.b.m.loadgenerator.service.LoadRunner   : second 36: target 1666, accepted 1664, failed 0, in flight 500
2026-09-23T10:16:50.202Z  INFO 1 --- [load-generator] [           main] c.b.m.loadgenerator.service.LoadRunner   : second 37: target 1666, accepted 1666, failed 0, in flight 500
2026-09-23T10:16:51.481Z  INFO 1 --- [load-generator] [           main] c.b.m.loadgenerator.service.LoadRunner   : second 38: target 1666, accepted 1664, failed 0, in flight 500
2026-09-23T10:16:52.507Z  INFO 1 --- [load-generator] [           main] c.b.m.loadgenerator.service.LoadRunner   : second 39: target 1666, accepted 1674, failed 0, in flight 492
2026-09-23T10:16:53.724Z  INFO 1 --- [load-generator] [           main] c.b.m.loadgenerator.service.LoadRunner   : second 40: target 1666, accepted 1726, failed 0, in flight 408
2026-09-23T10:16:54.837Z  INFO 1 --- [load-generator] [           main] c.b.m.loadgenerator.service.LoadRunner   : second 41: target 1666, accepted 1271, failed 0, in flight 490
2026-09-23T10:16:55.838Z  INFO 1 --- [load-generator] [           main] c.b.m.loadgenerator.service.LoadRunner   : second 42: target 1666, accepted 2156, failed 0, in flight 0
2026-09-23T10:16:56.838Z  INFO 1 --- [load-generator] [           main] c.b.m.loadgenerator.service.LoadRunner   : second 43: target 1666, accepted 1666, failed 0, in flight 0
2026-09-23T10:16:57.839Z  INFO 1 --- [load-generator] [           main] c.b.m.loadgenerator.service.LoadRunner   : second 44: target 1666, accepted 1666, failed 0, in flight 0
2026-09-23T10:16:58.839Z  INFO 1 --- [load-generator] [           main] c.b.m.loadgenerator.service.LoadRunner   : second 45: target 1666, accepted 1666, failed 0, in flight 0
2026-09-23T10:16:59.840Z  INFO 1 --- [load-generator] [           main] c.b.m.loadgenerator.service.LoadRunner   : second 46: target 1666, accepted 1666, failed 0, in flight 0
2026-09-23T10:17:00.840Z  INFO 1 --- [load-generator] [           main] c.b.m.loadgenerator.service.LoadRunner   : second 47: target 1666, accepted 1615, failed 0, in flight 51
2026-09-23T10:17:01.842Z  INFO 1 --- [load-generator] [           main] c.b.m.loadgenerator.service.LoadRunner   : second 48: target 1666, accepted 1711, failed 0, in flight 0
2026-09-23T10:17:02.842Z  INFO 1 --- [load-generator] [           main] c.b.m.loadgenerator.service.LoadRunner   : second 49: target 1666, accepted 1666, failed 0, in flight 0
2026-09-23T10:17:03.842Z  INFO 1 --- [load-generator] [           main] c.b.m.loadgenerator.service.LoadRunner   : second 50: target 1666, accepted 1556, failed 0, in flight 110
2026-09-23T10:17:04.843Z  INFO 1 --- [load-generator] [           main] c.b.m.loadgenerator.service.LoadRunner   : second 51: target 1666, accepted 1711, failed 0, in flight 64
2026-09-23T10:17:05.844Z  INFO 1 --- [load-generator] [           main] c.b.m.loadgenerator.service.LoadRunner   : second 52: target 1666, accepted 1727, failed 0, in flight 0
2026-09-23T10:17:06.844Z  INFO 1 --- [load-generator] [           main] c.b.m.loadgenerator.service.LoadRunner   : second 53: target 1666, accepted 1620, failed 0, in flight 46
2026-09-23T10:17:07.845Z  INFO 1 --- [load-generator] [           main] c.b.m.loadgenerator.service.LoadRunner   : second 54: target 1666, accepted 1709, failed 0, in flight 0
2026-09-23T10:17:08.846Z  INFO 1 --- [load-generator] [           main] c.b.m.loadgenerator.service.LoadRunner   : second 55: target 1666, accepted 1666, failed 0, in flight 0
2026-09-23T10:17:09.846Z  INFO 1 --- [load-generator] [           main] c.b.m.loadgenerator.service.LoadRunner   : second 56: target 1666, accepted 1666, failed 0, in flight 0
2026-09-23T10:17:10.851Z  INFO 1 --- [load-generator] [           main] c.b.m.loadgenerator.service.LoadRunner   : second 57: target 1666, accepted 1633, failed 0, in flight 33
2026-09-23T10:17:11.851Z  INFO 1 --- [load-generator] [           main] c.b.m.loadgenerator.service.LoadRunner   : second 58: target 1666, accepted 1695, failed 0, in flight 0
2026-09-23T10:17:12.852Z  INFO 1 --- [load-generator] [           main] c.b.m.loadgenerator.service.LoadRunner   : second 59: target 1666, accepted 1578, failed 0, in flight 88
2026-09-23T10:17:13.853Z  INFO 1 --- [load-generator] [           main] c.b.m.loadgenerator.service.LoadRunner   : second 60: target 1666, accepted 1754, failed 0, in flight 0
2026-09-23T10:17:13.854Z  INFO 1 --- [load-generator] [           main] c.b.m.loadgenerator.service.LoadRunner   : Load finished after 71.2 s: accepted 99951, failed 9, that is 84205 messages per minute
2026-09-23T10:17:13.855Z  INFO 1 --- [load-generator] [           main] c.b.m.loadgenerator.service.LoadRunner   : chat-service instance 0de705f904c0 accepted 44982
2026-09-23T10:17:13.855Z  INFO 1 --- [load-generator] [           main] c.b.m.loadgenerator.service.LoadRunner   : chat-service instance 8a14b0a52a78 accepted 54969
